[0723/130111.344:ERROR:os_crypt_win.cc(93)] Failed to decrypt: Key not valid for use in specified state. (0x8009000B)
[0723/130111.925:ERROR:backend_impl.cc(1041)] Critical error found -8
[0723/130111.926:ERROR:entry_impl.cc(1075)] No file for c1030004
[0723/130111.926:WARNING:storage_block-inl.h(146)] Failed data load.
[0723/130111.926:WARNING:storage_block-inl.h(146)] Failed data load.
[0723/130111.926:WARNING:storage_block-inl.h(146)] Failed data load.
[0723/130111.926:WARNING:storage_block-inl.h(146)] Failed data load.
[0723/130111.926:ERROR:entry_impl.cc(1075)] No file for c1030006
[0723/130111.926:WARNING:storage_block-inl.h(146)] Failed data load.
[0723/130111.926:WARNING:storage_block-inl.h(146)] Failed data load.
[0723/130111.926:WARNING:storage_block-inl.h(146)] Failed data load.
[0723/130111.926:WARNING:storage_block-inl.h(146)] Failed data load.
[0723/130111.926:ERROR:entry_impl.cc(1075)] No file for c1030008
[0723/130111.926:WARNING:storage_block-inl.h(146)] Failed data load.
[0723/130111.926:WARNING:storage_block-inl.h(146)] Failed data load.
[0723/130111.930:WARNING:storage_block-inl.h(146)] Failed data load.
[0723/130116.184:WARNING:value_store_frontend.cc(45)] Reading mhjfbmdgcfjbbpaeojofohoefgiehjai.alarms from  failed: IO error: .../MANIFEST-000001: Unable to create sequential file (ChromeMethodBFE: 7::NewSequentialFile::1)
[0723/130213.815:ERROR:shared_image_manager.cc(214)] SharedImageManager::ProduceSkia: Trying to Produce a Skia representation from a non-existent mailbox.
[0723/130214.363:ERROR:leveldb_factory.cc(91)] Failed to open LevelDB database from C:/Users/u1371722/Documents/GitHub/Jasmine_R/Saved/webcache_4430\IndexedDB\https_www.youtube-nocookie.com_0.indexeddb.leveldb,IO error: C:/Users/u1371722/Documents/GitHub/Jasmine_R/Saved/webcache_4430\IndexedDB\https_www.youtube-nocookie.com_0.indexeddb.leveldb/MANIFEST-000001: Unable to create sequential file (ChromeMethodBFE: 7::NewSequentialFile::1)
[0723/130214.366:ERROR:leveldb_factory.cc(91)] Failed to open LevelDB database from C:/Users/u1371722/Documents/GitHub/Jasmine_R/Saved/webcache_4430\IndexedDB\https_www.youtube-nocookie.com_0.indexeddb.leveldb,IO error: C:/Users/u1371722/Documents/GitHub/Jasmine_R/Saved/webcache_4430\IndexedDB\https_www.youtube-nocookie.com_0.indexeddb.leveldb/MANIFEST-000001: Unable to create sequential file (ChromeMethodBFE: 7::NewSequentialFile::1)
[0723/130214.895:ERROR:leveldb_factory.cc(91)] Failed to open LevelDB database from C:/Users/u1371722/Documents/GitHub/Jasmine_R/Saved/webcache_4430\IndexedDB\https_www.youtube-nocookie.com_0.indexeddb.leveldb,IO error: C:/Users/u1371722/Documents/GitHub/Jasmine_R/Saved/webcache_4430\IndexedDB\https_www.youtube-nocookie.com_0.indexeddb.leveldb/MANIFEST-000001: Unable to create sequential file (ChromeMethodBFE: 7::NewSequentialFile::1)
[0723/130214.898:ERROR:leveldb_factory.cc(91)] Failed to open LevelDB database from C:/Users/u1371722/Documents/GitHub/Jasmine_R/Saved/webcache_4430\IndexedDB\https_www.youtube-nocookie.com_0.indexeddb.leveldb,IO error: C:/Users/u1371722/Documents/GitHub/Jasmine_R/Saved/webcache_4430\IndexedDB\https_www.youtube-nocookie.com_0.indexeddb.leveldb/MANIFEST-000001: Unable to create sequential file (ChromeMethodBFE: 7::NewSequentialFile::1)
[0723/130311.560:ERROR:gpu_init.cc(426)] Passthrough is not supported, GL is disabled
